─── Game variant: nlhe_full_52 ──────────────────
  deck cards      : 52  (excluded 0/52)
  initial stack   : 100000 mbb
  blinds          : 500 / 1000 mbb
  min bet / raise : 1000 / 1000 mbb
  max raises/rnd  : 4
  pot fractions   : {0.25, 0.33, 0.5, 0.66, 0.75, 1, 1.25, 1.5, 2, 2.5, 3}  all-in slot: yes
Action space (14 actions):
  [0] Fold
  [1] Check/Call
  [2] Raise 0.25× pot
  [3] Raise 0.33× pot
  [4] Raise 0.5× pot
  [5] Raise 0.66× pot
  [6] Raise 0.75× pot
  [7] Raise 1× pot
  [8] Raise 1.25× pot
  [9] Raise 1.5× pot
  [10] Raise 2× pot
  [11] Raise 2.5× pot
  [12] Raise 3× pot
  [13] All-in
Bet-history attention encoder: ON
Round-summary block          : ON
Opponent pool                : ON  (size=20, snapshot_every=2457600 steps, warmup=4915200 steps, p_use_pool=0.05, max_unique=4)
Using device: cuda
Rollout strategy: threadpool
[ppo] R-NaD reward regularisation: eta=0.1 (magnet KL moved from loss into rewards)
League anchors:  uniform  random_init  always_call  always_raise  pair_all_in
Best-response evaluator: ON  (every 36864000 env steps, 1 seeds × 3000 exploiter updates, 10000-hand eval match)
Metrics dir: runs/20260612_115457
  (live plots: `python tools/plot_live.py runs/20260612_115457`)

Starting training for 600000000 steps...

[rollout] CUDA-graphed inference forward (POKER_PPO_NO_CUDA_GRAPH=1 disables)
Loading HandRanks.DAT file...
Loading HandRanks.DAT file...
Loading HandRanks.DAT file...
Loading HandRanks.DAT file...
Loading HandRanks.DAT file...
Loading HandRanks.DAT file...
Loading HandRanks.DAT file...
Loading HandRanks.DAT file...
Loading HandRanks.DAT file...
Loading HandRanks.DAT file...
Loading HandRanks.DAT file...
Loading HandRanks.DAT file...
Loading HandRanks.DAT file...
Searching in: 
Searching in: 
Searching in: 
Searching in: 
Searching in: 
/mnt/c/Users/Elijah/CLionProjects/poker_ppo/Game/Utility/HandRanks.dat
/mnt/c/Users/Elijah/CLionProjects/poker_ppo/HandRanks.dat
Searching in: 
/mnt/c/Users/Elijah/CLionProjects/poker_ppo/Game/Utility/HandRanks.dat
Searching in: 
/mnt/c/Users/Elijah/CLionProjects/poker_ppo/HandRanks.dat
Searching in: 
/mnt/c/Users/Elijah/CLionProjects/poker_ppo/Game/Utility/HandRanks.dat
/mnt/c/Users/Elijah/CLionProjects/poker_ppo/HandRanks.dat
Searching in: 
/mnt/c/Users/Elijah/CLionProjects/poker_ppo/Game/Utility/HandRanks.dat
/mnt/c/Users/Elijah/CLionProjects/poker_ppo/HandRanks.dat
/mnt/c/Users/Elijah/CLionProjects/poker_ppo/Game/Utility/HandRanks.dat
/mnt/c/Users/Elijah/CLionProjects/poker_ppo/HandRanks.dat
Searching in: 
/mnt/c/Users/Elijah/CLionProjects/poker_ppo/Game/Utility/HandRanks.dat
/mnt/c/Users/Elijah/CLionProjects/poker_ppo/HandRanks.dat
Searching in: 
/mnt/c/Users/Elijah/CLionProjects/poker_ppo/Game/Utility/HandRanks.dat
/mnt/c/Users/Elijah/CLionProjects/poker_ppo/HandRanks.dat
/mnt/c/Users/Elijah/CLionProjects/poker_ppo/Game/Utility/HandRanks.dat
/mnt/c/Users/Elijah/CLionProjects/poker_ppo/HandRanks.dat
/mnt/c/Users/Elijah/CLionProjects/poker_ppo/Game/Utility/HandRanks.dat
/mnt/c/Users/Elijah/CLionProjects/poker_ppo/HandRanks.dat
/mnt/c/Users/Elijah/CLionProjects/poker_ppo/Game/Utility/HandRanks.dat
/mnt/c/Users/Elijah/CLionProjects/poker_ppo/HandRanks.dat
Searching in: 
/mnt/c/Users/Elijah/CLionProjects/poker_ppo/Game/Utility/HandRanks.dat
/mnt/c/Users/Elijah/CLionProjects/poker_ppo/HandRanks.dat
Searching in: 
/mnt/c/Users/Elijah/CLionProjects/poker_ppo/Game/Utility/HandRanks.dat
/mnt/c/Users/Elijah/CLionProjects/poker_ppo/HandRanks.dat
/mnt/c/Users/Elijah/CLionProjects/poker_ppo/Game/Utility/HandRanks.dat
/mnt/c/Users/Elijah/CLionProjects/poker_ppo/HandRanks.dat
complete.

complete.

complete.

complete.

complete.

complete.

complete.

complete.

complete.

complete.

complete.

complete.

complete.

[update] CUDA-graphed minibatch fwd+bwd (POKER_PPO_NO_UPDATE_GRAPH=1 disables)
update=0  step=49152  pg=-0.0117  vf=9.3228  H=0.9743  kl=0.0066  clip=0.2514  ev=-0.0169  lr=0.000300
[update 0]  rollout=3122.0ms  update=1094.3ms  pool=0/20
update=10  step=540672  pg=-0.0041  vf=6.4871  H=0.9981  kl=0.0035  clip=0.1877  ev=0.1441  lr=0.000300
[update 10]  rollout=218.8ms  update=439.8ms  pool=0/20
update=20  step=1032192  pg=-0.0031  vf=5.8598  H=1.0126  kl=0.0032  clip=0.1612  ev=0.1881  lr=0.000300
[update 20]  rollout=206.1ms  update=454.3ms  pool=0/20
update=30  step=1523712  pg=-0.0031  vf=5.0947  H=1.0349  kl=0.0034  clip=0.1679  ev=0.2201  lr=0.000299
[update 30]  rollout=206.0ms  update=435.6ms  pool=0/20
update=40  step=2015232  pg=-0.0021  vf=4.6852  H=1.0450  kl=0.0031  clip=0.1583  ev=0.2201  lr=0.000299
[update 40]  rollout=199.5ms  update=454.7ms  pool=0/20

[league eval @ update 49  duration=13621.6ms]
──────────────────────────────────────────────────────────────────
  vs anchor          hands     bb/hand     win%     mode-collapse?
──────────────────────────────────────────────────────────────────
  uniform            10000       8.062     35.6%    top=30.5%
  random_init        10000       8.023     36.1%    top=30.4%
  always_raise       10000       3.791     23.3%    top=32.2%
  always_call        10000       3.287     43.6%    top=40.2%
  pair_all_in        10000       0.114     81.8%    top=34.5%
──────────────────────────────────────────────────────────────────
  action mix (vs uniform):  F=26.5%  C=30.5%  R0=6.0%  R1=5.2%  R2=4.1%  R3=3.6%  R4=5.0%  R5=3.1%  R6=2.8%  R7=2.5%  R8=2.1%  R9=2.1%  R10=3.0%  AI=3.4%
  action mix (vs pair_all_in):  F=20.8%  C=34.5%  R0=2.9%  R1=2.6%  R2=4.8%  R3=4.3%  R4=6.6%  R5=4.0%  R6=4.3%  R7=3.5%  R8=3.5%  R9=3.1%  R10=4.4%  AI=0.7%

update=50  step=2506752  pg=-0.0035  vf=4.3710  H=1.0474  kl=0.0030  clip=0.1500  ev=0.2524  lr=0.000299
[update 50]  rollout=214.9ms  update=485.5ms  pool=0/20
update=60  step=2998272  pg=-0.0033  vf=4.3019  H=1.0408  kl=0.0039  clip=0.2014  ev=0.2767  lr=0.000299
[update 60]  rollout=220.6ms  update=465.2ms  pool=0/20
update=70  step=3489792  pg=-0.0029  vf=3.6154  H=1.0507  kl=0.0035  clip=0.1706  ev=0.2767  lr=0.000298
[update 70]  rollout=197.5ms  update=454.4ms  pool=0/20
update=80  step=3981312  pg=-0.0041  vf=3.2307  H=1.0486  kl=0.0033  clip=0.1687  ev=0.2850  lr=0.000298
[update 80]  rollout=203.0ms  update=478.0ms  pool=0/20
update=90  step=4472832  pg=-0.0049  vf=3.9620  H=1.0360  kl=0.0031  clip=0.1555  ev=0.2928  lr=0.000298
[update 90]  rollout=197.2ms  update=445.6ms  pool=0/20

[league eval @ update 99  duration=14898.2ms]
──────────────────────────────────────────────────────────────────
  vs anchor          hands     bb/hand     win%     mode-collapse?
──────────────────────────────────────────────────────────────────
  uniform            10000       6.818     33.3%    top=33.3%
  random_init        10000       6.606     32.8%    top=33.1%
  always_raise       10000       4.003     26.1%    top=37.4%
  always_call        10000       3.173     44.0%    top=45.2%
  pair_all_in        10000       0.224     82.1%    top=38.5%
──────────────────────────────────────────────────────────────────
  action mix (vs uniform):  F=26.3%  C=33.3%  R0=6.4%  R1=5.6%  R2=4.9%  R3=2.9%  R4=4.6%  R5=2.8%  R6=2.8%  R7=2.1%  R8=2.0%  R9=1.6%  R10=1.9%  AI=2.9%
  action mix (vs pair_all_in):  F=19.2%  C=38.5%  R0=3.1%  R1=2.0%  R2=6.5%  R3=3.7%  R4=5.9%  R5=3.7%  R6=4.5%  R7=3.8%  R8=3.7%  R9=2.3%  R10=2.9%  AI=0.2%

update=100  step=4964352  pg=-0.0053  vf=3.9206  H=1.0375  kl=0.0026  clip=0.1375  ev=0.2973  lr=0.000298
[update 100]  rollout=386.2ms  update=462.0ms  pool=1/20
update=110  step=5455872  pg=-0.0047  vf=3.1097  H=1.0496  kl=0.0043  clip=0.2107  ev=0.2910  lr=0.000297
[update 110]  rollout=412.1ms  update=478.8ms  pool=1/20
update=120  step=5947392  pg=-0.0074  vf=3.6972  H=1.0391  kl=0.0031  clip=0.1611  ev=0.3396  lr=0.000297
[update 120]  rollout=387.2ms  update=462.7ms  pool=1/20
update=130  step=6438912  pg=-0.0067  vf=3.2154  H=1.0494  kl=0.0036  clip=0.1828  ev=0.3046  lr=0.000297
[update 130]  rollout=363.1ms  update=490.5ms  pool=1/20
update=140  step=6930432  pg=-0.0072  vf=2.7326  H=1.0603  kl=0.0032  clip=0.1671  ev=0.3215  lr=0.000297
[update 140]  rollout=407.5ms  update=500.8ms  pool=1/20

[league eval @ update 149  duration=13394.6ms]
──────────────────────────────────────────────────────────────────
  vs anchor          hands     bb/hand     win%     mode-collapse?
──────────────────────────────────────────────────────────────────
  random_init        10000       5.378     29.8%    top=29.8%
  uniform            10000       4.637     28.7%    top=30.3%
  always_raise       10000       2.553     19.8%    top=33.2%
  always_call        10000       1.836     43.1%    top=38.6%
  pair_all_in        10000      -0.018     82.6%    top=31.8%
──────────────────────────────────────────────────────────────────
  action mix (vs uniform):  F=30.3%  C=29.6%  R0=7.4%  R1=6.1%  R2=5.1%  R3=3.9%  R4=3.8%  R5=2.2%  R6=2.2%  R7=2.3%  R8=1.8%  R9=1.6%  R10=1.6%  AI=2.2%
  action mix (vs pair_all_in):  F=20.2%  C=31.8%  R0=3.6%  R1=2.1%  R2=8.1%  R3=4.4%  R4=6.2%  R5=4.3%  R6=4.3%  R7=3.9%  R8=3.7%  R9=3.5%  R10=3.7%  AI=0.1%

update=150  step=7421952  pg=-0.0079  vf=2.8496  H=1.0596  kl=0.0033  clip=0.1705  ev=0.3408  lr=0.000296
[update 150]  rollout=558.0ms  update=469.8ms  pool=2/20
update=160  step=7913472  pg=-0.0087  vf=3.2029  H=1.0491  kl=0.0030  clip=0.1638  ev=0.3329  lr=0.000296
[update 160]  rollout=529.7ms  update=479.6ms  pool=2/20
update=170  step=8404992  pg=-0.0084  vf=3.0203  H=1.0544  kl=0.0029  clip=0.1542  ev=0.3514  lr=0.000296
[update 170]  rollout=552.1ms  update=485.3ms  pool=2/20
update=180  step=8896512  pg=-0.0088  vf=2.9179  H=1.0487  kl=0.0034  clip=0.1874  ev=0.3527  lr=0.000296
[update 180]  rollout=601.6ms  update=491.7ms  pool=2/20
update=190  step=9388032  pg=-0.0088  vf=3.4030  H=1.0372  kl=0.0031  clip=0.1650  ev=0.3679  lr=0.000295
[update 190]  rollout=521.7ms  update=473.9ms  pool=2/20

[league eval @ update 199  duration=14776.3ms]
──────────────────────────────────────────────────────────────────
  vs anchor          hands     bb/hand     win%     mode-collapse?
──────────────────────────────────────────────────────────────────
  random_init        10000       6.090     31.3%    top=30.5%
  uniform            10000       5.756     31.0%    top=30.4%
  always_raise       10000       3.310     22.1%    top=34.3%
  always_call        10000       2.380     43.6%    top=41.7%
  pair_all_in        10000       0.127     81.2%    top=34.0%
──────────────────────────────────────────────────────────────────
  action mix (vs uniform):  F=28.4%  C=30.4%  R0=6.9%  R1=6.4%  R2=4.9%  R3=4.1%  R4=4.7%  R5=2.4%  R6=2.8%  R7=1.9%  R8=1.5%  R9=1.8%  R10=0.9%  AI=2.8%
  action mix (vs pair_all_in):  F=21.7%  C=34.0%  R0=3.1%  R1=2.0%  R2=5.9%  R3=5.3%  R4=5.9%  R5=4.0%  R6=5.5%  R7=2.9%  R8=3.6%  R9=3.9%  R10=2.2%  AI=0.1%

update=200  step=9879552  pg=-0.0096  vf=3.1313  H=1.0405  kl=0.0032  clip=0.1735  ev=0.3427  lr=0.000295
[update 200]  rollout=720.7ms  update=515.8ms  pool=3/20
update=210  step=10371072  pg=-0.0100  vf=3.2376  H=1.0456  kl=0.0034  clip=0.1828  ev=0.3685  lr=0.000295
[update 210]  rollout=680.4ms  update=470.0ms  pool=3/20
update=220  step=10862592  pg=-0.0095  vf=3.0880  H=1.0448  kl=0.0032  clip=0.1699  ev=0.3668  lr=0.000295
[update 220]  rollout=750.5ms  update=476.1ms  pool=3/20
update=230  step=11354112  pg=-0.0094  vf=2.6043  H=1.0583  kl=0.0039  clip=0.2053  ev=0.3761  lr=0.000294
[update 230]  rollout=657.1ms  update=494.5ms  pool=3/20
update=240  step=11845632  pg=-0.0111  vf=3.0809  H=1.0464  kl=0.0035  clip=0.1852  ev=0.3856  lr=0.000294
[update 240]  rollout=659.8ms  update=472.4ms  pool=3/20

[league eval @ update 249  duration=12799.1ms]
──────────────────────────────────────────────────────────────────
  vs anchor          hands     bb/hand     win%     mode-collapse?
──────────────────────────────────────────────────────────────────
  random_init        10000       5.811     30.2%    top=30.5%
  uniform            10000       5.653     29.8%    top=30.8%
  always_call        10000       2.155     43.4%    top=45.2%
  always_raise       10000       1.832     19.3%    top=36.4%
  pair_all_in        10000       0.198     79.3%    top=33.3%
──────────────────────────────────────────────────────────────────
  action mix (vs uniform):  F=30.0%  C=30.8%  R0=6.1%  R1=5.3%  R2=6.4%  R3=4.5%  R4=3.7%  R5=2.4%  R6=3.2%  R7=2.1%  R8=1.4%  R9=1.2%  R10=1.0%  AI=2.1%
  action mix (vs pair_all_in):  F=24.6%  C=33.3%  R0=2.5%  R1=1.7%  R2=7.8%  R3=4.8%  R4=4.0%  R5=3.4%  R6=6.3%  R7=3.6%  R8=3.4%  R9=1.9%  R10=2.4%  AI=0.2%

update=250  step=12337152  pg=-0.0094  vf=2.8364  H=1.0392  kl=0.0039  clip=0.2010  ev=0.3823  lr=0.000294
[update 250]  rollout=731.2ms  update=475.0ms  pool=4/20
update=260  step=12828672  pg=-0.0101  vf=2.9601  H=1.0361  kl=0.0035  clip=0.1843  ev=0.3670  lr=0.000294
[update 260]  rollout=792.2ms  update=471.7ms  pool=4/20
update=270  step=13320192  pg=-0.0100  vf=2.8359  H=1.0346  kl=0.0038  clip=0.1950  ev=0.3957  lr=0.000293
[update 270]  rollout=778.2ms  update=471.8ms  pool=4/20
update=280  step=13811712  pg=-0.0106  vf=2.7936  H=1.0444  kl=0.0036  clip=0.1956  ev=0.3897  lr=0.000293
[update 280]  rollout=737.4ms  update=468.2ms  pool=4/20
update=290  step=14303232  pg=-0.0107  vf=2.7313  H=1.0277  kl=0.0037  clip=0.1916  ev=0.3914  lr=0.000293
[update 290]  rollout=771.0ms  update=460.9ms  pool=4/20

[league eval @ update 299  duration=12681.4ms]
──────────────────────────────────────────────────────────────────
  vs anchor          hands     bb/hand     win%     mode-collapse?
──────────────────────────────────────────────────────────────────
  random_init        10000       5.285     27.8%    top=31.5%
  uniform            10000       4.782     27.6%    top=31.6%
  always_call        10000       2.566     44.0%    top=42.5%
  always_raise       10000       1.970     18.3%    top=33.3%
  pair_all_in        10000       0.217     81.2%    top=34.5%
──────────────────────────────────────────────────────────────────
  action mix (vs uniform):  F=31.6%  C=30.1%  R0=7.1%  R1=5.0%  R2=5.3%  R3=3.6%  R4=3.9%  R5=3.3%  R6=2.5%  R7=1.7%  R8=1.2%  R9=1.3%  R10=1.0%  AI=2.4%
  action mix (vs pair_all_in):  F=21.7%  C=34.5%  R0=3.0%  R1=2.6%  R2=7.1%  R3=4.6%  R4=5.7%  R5=4.7%  R6=4.5%  R7=3.4%  R8=2.5%  R9=3.1%  R10=2.2%  AI=0.3%

update=300  step=14794752  pg=-0.0117  vf=2.4951  H=1.0356  kl=0.0036  clip=0.1858  ev=0.4010  lr=0.000293
[update 300]  rollout=780.5ms  update=489.9ms  pool=5/20
update=310  step=15286272  pg=-0.0118  vf=2.3429  H=1.0457  kl=0.0038  clip=0.1937  ev=0.4096  lr=0.000292
[update 310]  rollout=749.7ms  update=468.2ms  pool=5/20
update=320  step=15777792  pg=-0.0120  vf=3.0745  H=1.0450  kl=0.0032  clip=0.1665  ev=0.3800  lr=0.000292
[update 320]  rollout=772.3ms  update=446.6ms  pool=5/20
update=330  step=16269312  pg=-0.0114  vf=2.8586  H=1.0494  kl=0.0036  clip=0.1891  ev=0.3707  lr=0.000292
[update 330]  rollout=736.1ms  update=455.6ms  pool=5/20
update=340  step=16760832  pg=-0.0116  vf=3.1319  H=1.0344  kl=0.0034  clip=0.1777  ev=0.3913  lr=0.000292
[update 340]  rollout=738.8ms  update=469.9ms  pool=5/20

[league eval @ update 349  duration=12248.2ms]
──────────────────────────────────────────────────────────────────
  vs anchor          hands     bb/hand     win%     mode-collapse?
──────────────────────────────────────────────────────────────────
  random_init        10000       5.649     29.9%    top=30.4%
  uniform            10000       5.471     30.1%    top=30.1%
  always_raise       10000       3.056     20.4%    top=33.2%
  always_call        10000       2.705     44.1%    top=42.6%
  pair_all_in        10000       0.132     81.6%    top=33.8%
──────────────────────────────────────────────────────────────────
  action mix (vs uniform):  F=30.1%  C=29.8%  R0=6.7%  R1=4.2%  R2=5.4%  R3=4.2%  R4=4.3%  R5=3.6%  R6=3.6%  R7=1.9%  R8=1.5%  R9=1.0%  R10=1.1%  AI=2.7%
  action mix (vs pair_all_in):  F=21.1%  C=33.8%  R0=2.6%  R1=2.1%  R2=6.2%  R3=5.1%  R4=5.9%  R5=5.5%  R6=7.5%  R7=3.2%  R8=3.0%  R9=2.1%  R10=1.8%  AI=0.2%

update=350  step=17252352  pg=-0.0126  vf=2.5939  H=1.0415  kl=0.0039  clip=0.1982  ev=0.3991  lr=0.000291
[update 350]  rollout=690.2ms  update=444.6ms  pool=6/20
update=360  step=17743872  pg=-0.0121  vf=3.0767  H=1.0337  kl=0.0032  clip=0.1719  ev=0.4320  lr=0.000291
[update 360]  rollout=704.7ms  update=428.4ms  pool=6/20
update=370  step=18235392  pg=-0.0130  vf=2.7144  H=1.0447  kl=0.0040  clip=0.2029  ev=0.3862  lr=0.000291
[update 370]  rollout=687.7ms  update=435.3ms  pool=6/20
update=380  step=18726912  pg=-0.0128  vf=3.0777  H=1.0296  kl=0.0037  clip=0.1906  ev=0.3832  lr=0.000291
[update 380]  rollout=672.6ms  update=424.1ms  pool=6/20
update=390  step=19218432  pg=-0.0122  vf=3.0421  H=1.0413  kl=0.0036  clip=0.1847  ev=0.3841  lr=0.000290
[update 390]  rollout=727.1ms  update=427.7ms  pool=6/20

[league eval @ update 399  duration=12029.5ms]
──────────────────────────────────────────────────────────────────
  vs anchor          hands     bb/hand     win%     mode-collapse?
──────────────────────────────────────────────────────────────────
  random_init        10000       6.531     31.5%    top=29.3%
  uniform            10000       6.259     31.5%    top=29.4%
  always_raise       10000       2.715     20.9%    top=33.1%
  always_call        10000       2.199     43.5%    top=42.7%
  pair_all_in        10000       0.133     81.1%    top=29.6%
──────────────────────────────────────────────────────────────────
  action mix (vs uniform):  F=29.4%  C=29.2%  R0=6.1%  R1=4.7%  R2=5.2%  R3=3.4%  R4=4.9%  R5=4.0%  R6=3.6%  R7=2.3%  R8=1.7%  R9=0.8%  R10=1.4%  AI=3.3%
  action mix (vs pair_all_in):  F=23.1%  C=29.6%  R0=1.6%  R1=2.0%  R2=5.6%  R3=4.3%  R4=7.8%  R5=5.8%  R6=6.9%  R7=4.6%  R8=3.1%  R9=1.9%  R10=3.4%  AI=0.2%

update=400  step=19709952  pg=-0.0128  vf=2.7430  H=1.0415  kl=0.0039  clip=0.1932  ev=0.3955  lr=0.000290
[update 400]  rollout=738.4ms  update=457.0ms  pool=7/20
update=410  step=20201472  pg=-0.0133  vf=2.8058  H=1.0359  kl=0.0040  clip=0.2017  ev=0.4209  lr=0.000290
[update 410]  rollout=765.8ms  update=437.9ms  pool=7/20
update=420  step=20692992  pg=-0.0129  vf=3.1320  H=1.0340  kl=0.0033  clip=0.1733  ev=0.3917  lr=0.000290
[update 420]  rollout=755.3ms  update=422.9ms  pool=7/20
update=430  step=21184512  pg=-0.0137  vf=2.9581  H=1.0376  kl=0.0040  clip=0.1999  ev=0.4264  lr=0.000289
[update 430]  rollout=768.4ms  update=455.4ms  pool=7/20
update=440  step=21676032  pg=-0.0135  vf=3.0545  H=1.0343  kl=0.0041  clip=0.2038  ev=0.4050  lr=0.000289
[update 440]  rollout=744.0ms  update=438.1ms  pool=7/20

[league eval @ update 449  duration=13401.8ms]
──────────────────────────────────────────────────────────────────
  vs anchor          hands     bb/hand     win%     mode-collapse?
──────────────────────────────────────────────────────────────────
  uniform            10000       5.943     31.7%    top=29.6%
  random_init        10000       5.898     31.4%    top=29.2%
  always_raise       10000       3.140     21.7%    top=33.6%
  always_call        10000       1.812     43.9%    top=41.9%
  pair_all_in        10000       0.257     81.0%    top=32.0%
──────────────────────────────────────────────────────────────────
  action mix (vs uniform):  F=28.8%  C=29.6%  R0=6.2%  R1=5.2%  R2=5.2%  R3=3.7%  R4=5.1%  R5=4.2%  R6=3.9%  R7=2.3%  R8=1.4%  R9=0.8%  R10=1.0%  AI=2.4%
  action mix (vs pair_all_in):  F=22.7%  C=32.0%  R0=2.0%  R1=2.6%  R2=6.2%  R3=4.0%  R4=7.2%  R5=5.4%  R6=7.4%  R7=4.1%  R8=2.6%  R9=1.5%  R10=2.0%  AI=0.2%

update=450  step=22167552  pg=-0.0137  vf=2.7511  H=1.0406  kl=0.0040  clip=0.2074  ev=0.4341  lr=0.000289
[update 450]  rollout=759.5ms  update=436.0ms  pool=8/20
update=460  step=22659072  pg=-0.0136  vf=3.1459  H=1.0352  kl=0.0036  clip=0.1811  ev=0.4150  lr=0.000289
[update 460]  rollout=732.2ms  update=431.6ms  pool=8/20
update=470  step=23150592  pg=-0.0135  vf=2.9044  H=1.0316  kl=0.0037  clip=0.1911  ev=0.4185  lr=0.000288
[update 470]  rollout=740.5ms  update=436.7ms  pool=8/20
update=480  step=23642112  pg=-0.0126  vf=2.8518  H=1.0300  kl=0.0035  clip=0.1786  ev=0.4132  lr=0.000288
[update 480]  rollout=751.6ms  update=433.2ms  pool=8/20
update=490  step=24133632  pg=-0.0130  vf=2.5358  H=1.0404  kl=0.0042  clip=0.2038  ev=0.3945  lr=0.000288
[update 490]  rollout=743.4ms  update=435.6ms  pool=8/20

[league eval @ update 499  duration=12743.5ms]
──────────────────────────────────────────────────────────────────
  vs anchor          hands     bb/hand     win%     mode-collapse?
──────────────────────────────────────────────────────────────────
  random_init        10000       5.651     30.6%    top=29.7%
  uniform            10000       5.294     30.8%    top=29.6%
  always_raise       10000       2.922     20.6%    top=34.6%
  always_call        10000       1.918     43.6%    top=45.2%
  pair_all_in        10000       0.285     80.9%    top=35.9%
──────────────────────────────────────────────────────────────────
  action mix (vs uniform):  F=29.6%  C=29.0%  R0=6.7%  R1=4.2%  R2=5.0%  R3=3.8%  R4=4.5%  R5=4.2%  R6=3.3%  R7=2.6%  R8=1.6%  R9=1.0%  R10=1.6%  AI=2.9%
  action mix (vs pair_all_in):  F=21.5%  C=35.9%  R0=2.2%  R1=2.4%  R2=5.5%  R3=5.1%  R4=5.3%  R5=5.2%  R6=5.6%  R7=3.8%  R8=2.7%  R9=1.9%  R10=2.9%  AI=0.1%

update=500  step=24625152  pg=-0.0145  vf=2.4068  H=1.0419  kl=0.0042  clip=0.2018  ev=0.4198  lr=0.000288
[update 500]  rollout=773.3ms  update=437.1ms  pool=9/20
update=510  step=25116672  pg=-0.0141  vf=2.7860  H=1.0241  kl=0.0038  clip=0.1870  ev=0.4315  lr=0.000287
[update 510]  rollout=784.3ms  update=435.1ms  pool=9/20
update=520  step=25608192  pg=-0.0136  vf=2.9359  H=1.0237  kl=0.0037  clip=0.1857  ev=0.4348  lr=0.000287
[update 520]  rollout=750.7ms  update=440.6ms  pool=9/20
update=530  step=26099712  pg=-0.0138  vf=2.6073  H=1.0294  kl=0.0037  clip=0.1838  ev=0.4220  lr=0.000287
[update 530]  rollout=688.7ms  update=419.1ms  pool=9/20
update=540  step=26591232  pg=-0.0144  vf=2.4906  H=1.0416  kl=0.0040  clip=0.1902  ev=0.3970  lr=0.000287
[update 540]  rollout=724.1ms  update=441.6ms  pool=9/20

[league eval @ update 549  duration=12345.8ms]
──────────────────────────────────────────────────────────────────
  vs anchor          hands     bb/hand     win%     mode-collapse?
──────────────────────────────────────────────────────────────────
  random_init        10000       5.900     30.8%    top=29.8%
  uniform            10000       5.853     31.1%    top=29.4%
  always_raise       10000       2.822     21.0%    top=33.9%
  always_call        10000       2.204     43.3%    top=42.4%
  pair_all_in        10000       0.214     80.0%    top=31.4%
──────────────────────────────────────────────────────────────────
  action mix (vs uniform):  F=29.1%  C=29.4%  R0=6.7%  R1=4.7%  R2=4.7%  R3=4.1%  R4=5.8%  R5=3.6%  R6=2.2%  R7=3.0%  R8=1.5%  R9=1.4%  R10=1.3%  AI=2.7%
  action mix (vs pair_all_in):  F=24.3%  C=31.4%  R0=2.1%  R1=2.5%  R2=4.5%  R3=4.4%  R4=7.9%  R5=5.6%  R6=3.8%  R7=4.7%  R8=2.5%  R9=3.1%  R10=3.0%  AI=0.2%

update=550  step=27082752  pg=-0.0137  vf=2.7495  H=1.0306  kl=0.0041  clip=0.1963  ev=0.4290  lr=0.000286
[update 550]  rollout=745.0ms  update=439.7ms  pool=10/20
update=560  step=27574272  pg=-0.0138  vf=2.6209  H=1.0309  kl=0.0040  clip=0.1968  ev=0.4215  lr=0.000286
[update 560]  rollout=695.9ms  update=420.2ms  pool=10/20
update=570  step=28065792  pg=-0.0142  vf=2.5653  H=1.0391  kl=0.0044  clip=0.2129  ev=0.4307  lr=0.000286
[update 570]  rollout=703.2ms  update=421.2ms  pool=10/20
update=580  step=28557312  pg=-0.0144  vf=2.6719  H=1.0286  kl=0.0042  clip=0.2022  ev=0.4418  lr=0.000286
[update 580]  rollout=677.0ms  update=421.7ms  pool=10/20
update=590  step=29048832  pg=-0.0142  vf=2.8712  H=1.0269  kl=0.0038  clip=0.1826  ev=0.4352  lr=0.000286
[update 590]  rollout=672.7ms  update=424.3ms  pool=10/20

[league eval @ update 599  duration=12096.4ms]
──────────────────────────────────────────────────────────────────
  vs anchor          hands     bb/hand     win%     mode-collapse?
──────────────────────────────────────────────────────────────────
  uniform            10000       6.789     33.2%    top=28.9%
  random_init        10000       6.622     33.4%    top=28.9%
  always_raise       10000       2.486     21.1%    top=31.9%
  always_call        10000       1.328     43.4%    top=40.0%
  pair_all_in        10000       0.064     80.5%    top=32.6%
──────────────────────────────────────────────────────────────────
  action mix (vs uniform):  F=28.0%  C=28.9%  R0=9.4%  R1=3.8%  R2=4.6%  R3=4.5%  R4=5.3%  R5=3.5%  R6=2.0%  R7=3.1%  R8=1.4%  R9=1.7%  R10=1.1%  AI=2.7%
  action mix (vs pair_all_in):  F=23.0%  C=32.6%  R0=2.9%  R1=2.4%  R2=5.9%  R3=4.4%  R4=6.2%  R5=4.7%  R6=3.3%  R7=5.6%  R8=2.5%  R9=3.9%  R10=2.6%  AI=0.2%

update=600  step=29540352  pg=-0.0145  vf=2.7159  H=1.0260  kl=0.0039  clip=0.1933  ev=0.4551  lr=0.000285
[update 600]  rollout=684.4ms  update=418.2ms  pool=11/20
update=610  step=30031872  pg=-0.0149  vf=2.8339  H=1.0248  kl=0.0039  clip=0.1930  ev=0.4462  lr=0.000285
[update 610]  rollout=768.9ms  update=433.9ms  pool=11/20
update=620  step=30523392  pg=-0.0147  vf=2.6640  H=1.0314  kl=0.0040  clip=0.1902  ev=0.4100  lr=0.000285
[update 620]  rollout=739.9ms  update=440.0ms  pool=11/20
update=630  step=31014912  pg=-0.0145  vf=2.7950  H=1.0299  kl=0.0042  clip=0.2068  ev=0.4271  lr=0.000285
[update 630]  rollout=713.2ms  update=423.2ms  pool=11/20
update=640  step=31506432  pg=-0.0147  vf=2.3671  H=1.0321  kl=0.0042  clip=0.1960  ev=0.4294  lr=0.000284
[update 640]  rollout=688.9ms  update=425.8ms  pool=11/20

[league eval @ update 649  duration=11248ms]
──────────────────────────────────────────────────────────────────
  vs anchor          hands     bb/hand     win%     mode-collapse?
──────────────────────────────────────────────────────────────────
  uniform            10000       5.895     30.4%    top=30.4%
  random_init        10000       5.337     29.6%    top=30.6%
  always_raise       10000       2.257     19.4%    top=31.2%
  always_call        10000       1.672     43.8%    top=43.7%
  pair_all_in        10000       0.180     79.8%    top=32.8%
──────────────────────────────────────────────────────────────────
  action mix (vs uniform):  F=30.4%  C=28.9%  R0=7.4%  R1=5.3%  R2=4.8%  R3=4.2%  R4=4.9%  R5=2.9%  R6=2.7%  R7=2.8%  R8=1.4%  R9=1.0%  R10=1.1%  AI=2.3%
  action mix (vs pair_all_in):  F=23.9%  C=32.8%  R0=3.5%  R1=2.4%  R2=6.1%  R3=5.1%  R4=6.0%  R5=4.0%  R6=4.1%  R7=4.5%  R8=3.0%  R9=2.1%  R10=2.3%  AI=0.2%

update=650  step=31997952  pg=-0.0147  vf=2.5600  H=1.0364  kl=0.0041  clip=0.2040  ev=0.4118  lr=0.000284
[update 650]  rollout=699.8ms  update=443.6ms  pool=12/20
update=660  step=32489472  pg=-0.0151  vf=2.5795  H=1.0283  kl=0.0042  clip=0.1994  ev=0.4235  lr=0.000284
[update 660]  rollout=750.6ms  update=443.1ms  pool=12/20
update=670  step=32980992  pg=-0.0156  vf=2.4168  H=1.0234  kl=0.0045  clip=0.2061  ev=0.4325  lr=0.000284
[update 670]  rollout=784.5ms  update=473.0ms  pool=12/20
update=680  step=33472512  pg=-0.0149  vf=2.4423  H=1.0307  kl=0.0039  clip=0.1821  ev=0.4187  lr=0.000283
[update 680]  rollout=842.9ms  update=504.9ms  pool=12/20
update=690  step=33964032  pg=-0.0139  vf=2.3487  H=1.0314  kl=0.0042  clip=0.2009  ev=0.4131  lr=0.000283
[update 690]  rollout=843.0ms  update=500.7ms  pool=12/20

[league eval @ update 699  duration=13981.2ms]
──────────────────────────────────────────────────────────────────
  vs anchor          hands     bb/hand     win%     mode-collapse?
──────────────────────────────────────────────────────────────────
  uniform            10000       5.959     30.4%    top=30.1%
  random_init        10000       5.332     29.8%    top=30.3%
  always_raise       10000       3.022     19.8%    top=31.8%
  always_call        10000       1.868     42.7%    top=45.7%
  pair_all_in        10000       0.332     80.7%    top=33.0%
──────────────────────────────────────────────────────────────────
  action mix (vs uniform):  F=30.1%  C=29.4%  R0=7.5%  R1=4.8%  R2=4.4%  R3=4.4%  R4=5.0%  R5=2.9%  R6=2.3%  R7=2.3%  R8=1.8%  R9=1.3%  R10=1.1%  AI=2.7%
  action mix (vs pair_all_in):  F=23.3%  C=33.0%  R0=2.9%  R1=2.1%  R2=5.3%  R3=6.1%  R4=7.2%  R5=3.9%  R6=3.2%  R7=4.0%  R8=3.9%  R9=2.8%  R10=1.9%  AI=0.4%

update=700  step=34455552  pg=-0.0149  vf=2.4692  H=1.0280  kl=0.0045  clip=0.2026  ev=0.4010  lr=0.000283
[update 700]  rollout=843.5ms  update=501.2ms  pool=13/20
update=710  step=34947072  pg=-0.0152  vf=2.7917  H=1.0232  kl=0.0039  clip=0.1906  ev=0.4263  lr=0.000283
[update 710]  rollout=818.7ms  update=507.1ms  pool=13/20
update=720  step=35438592  pg=-0.0149  vf=2.6747  H=1.0288  kl=0.0040  clip=0.1919  ev=0.4420  lr=0.000282
[update 720]  rollout=790.5ms  update=505.5ms  pool=13/20
update=730  step=35930112  pg=-0.0155  vf=2.5368  H=1.0325  kl=0.0047  clip=0.2112  ev=0.4300  lr=0.000282
[update 730]  rollout=838.7ms  update=499.1ms  pool=13/20
update=740  step=36421632  pg=-0.0155  vf=2.6154  H=1.0303  kl=0.0044  clip=0.1969  ev=0.4315  lr=0.000282
[update 740]  rollout=812.5ms  update=504.6ms  pool=13/20

[league eval @ update 749  duration=14327.3ms]
──────────────────────────────────────────────────────────────────
  vs anchor          hands     bb/hand     win%     mode-collapse?
──────────────────────────────────────────────────────────────────
  uniform            10000       6.215     33.5%    top=28.2%
  random_init        10000       5.911     32.4%    top=28.7%
  always_raise       10000       2.604     21.1%    top=32.7%
  always_call        10000       2.127     43.6%    top=39.2%
  pair_all_in        10000       0.193     81.2%    top=30.0%
──────────────────────────────────────────────────────────────────
  action mix (vs uniform):  F=28.2%  C=28.2%  R0=6.3%  R1=5.5%  R2=5.7%  R3=5.2%  R4=5.3%  R5=3.3%  R6=2.6%  R7=2.5%  R8=2.3%  R9=1.2%  R10=0.9%  AI=2.8%
  action mix (vs pair_all_in):  F=23.1%  C=30.0%  R0=2.3%  R1=2.2%  R2=7.3%  R3=6.3%  R4=7.5%  R5=4.3%  R6=3.8%  R7=3.7%  R8=4.5%  R9=2.9%  R10=1.9%  AI=0.4%

[best-response eval @ update 749  seeds=1  bb/hand max=-0.750  mean=-0.750  min=-0.750  std=0.000  best-win%=56.8  duration=1382456ms]

update=750  step=36913152  pg=-0.0155  vf=2.8396  H=1.0275  kl=0.0041  clip=0.1942  ev=0.4350  lr=0.000282
[update 750]  rollout=781.2ms  update=452.6ms  pool=14/20
update=760  step=37404672  pg=-0.0151  vf=2.5721  H=1.0294  kl=0.0044  clip=0.2158  ev=0.4601  lr=0.000281
[update 760]  rollout=750.9ms  update=468.4ms  pool=14/20
update=770  step=37896192  pg=-0.0157  vf=2.6857  H=1.0284  kl=0.0044  clip=0.2118  ev=0.4372  lr=0.000281
[update 770]  rollout=753.4ms  update=435.1ms  pool=14/20
update=780  step=38387712  pg=-0.0152  vf=2.3956  H=1.0341  kl=0.0044  clip=0.2054  ev=0.4535  lr=0.000281
[update 780]  rollout=762.6ms  update=429.5ms  pool=14/20
update=790  step=38879232  pg=-0.0148  vf=2.5551  H=1.0321  kl=0.0040  clip=0.1892  ev=0.3897  lr=0.000281
[update 790]  rollout=719.4ms  update=433.9ms  pool=14/20

[league eval @ update 799  duration=14604.4ms]
──────────────────────────────────────────────────────────────────
  vs anchor          hands     bb/hand     win%     mode-collapse?
──────────────────────────────────────────────────────────────────
  uniform            10000       6.721     32.3%    top=30.0%
  random_init        10000       6.037     31.8%    top=29.5%
  always_raise       10000       2.257     20.2%    top=34.3%
  always_call        10000       1.810     43.6%    top=41.5%
  pair_all_in        10000       0.238     81.9%    top=33.2%
──────────────────────────────────────────────────────────────────
  action mix (vs uniform):  F=28.2%  C=30.0%  R0=7.0%  R1=4.2%  R2=5.6%  R3=4.4%  R4=4.5%  R5=3.4%  R6=2.4%  R7=3.2%  R8=1.9%  R9=1.4%  R10=0.9%  AI=3.1%
  action mix (vs pair_all_in):  F=21.5%  C=33.2%  R0=2.2%  R1=1.9%  R2=7.8%  R3=5.9%  R4=5.6%  R5=5.7%  R6=3.4%  R7=4.3%  R8=3.8%  R9=2.7%  R10=2.0%  AI=0.2%

update=800  step=39370752  pg=-0.0155  vf=2.7093  H=1.0277  kl=0.0043  clip=0.2001  ev=0.4326  lr=0.000280
[update 800]  rollout=784.9ms  update=445.6ms  pool=15/20
update=810  step=39862272  pg=-0.0152  vf=2.6312  H=1.0262  kl=0.0040  clip=0.1843  ev=0.4158  lr=0.000280
[update 810]  rollout=771.5ms  update=446.5ms  pool=15/20
update=820  step=40353792  pg=-0.0150  vf=2.6101  H=1.0325  kl=0.0040  clip=0.1933  ev=0.4359  lr=0.000280
[update 820]  rollout=741.8ms  update=450.5ms  pool=15/20
update=830  step=40845312  pg=-0.0158  vf=2.8299  H=1.0223  kl=0.0042  clip=0.1998  ev=0.4256  lr=0.000280
[update 830]  rollout=954.6ms  update=493.3ms  pool=15/20
update=840  step=41336832  pg=-0.0160  vf=2.5888  H=1.0146  kl=0.0042  clip=0.1983  ev=0.4392  lr=0.000279
[update 840]  rollout=1047.9ms  update=586.2ms  pool=15/20

[league eval @ update 849  duration=13663.3ms]
──────────────────────────────────────────────────────────────────
  vs anchor          hands     bb/hand     win%     mode-collapse?
──────────────────────────────────────────────────────────────────
  uniform            10000       7.234     32.8%    top=31.6%
  random_init        10000       5.999     31.7%    top=31.7%
  always_raise       10000       3.412     20.3%    top=35.3%
  always_call        10000       1.625     43.6%    top=42.5%
  pair_all_in        10000      -0.081     80.1%    top=34.8%
──────────────────────────────────────────────────────────────────
  action mix (vs uniform):  F=27.9%  C=31.6%  R0=8.1%  R1=3.7%  R2=4.9%  R3=4.7%  R4=4.5%  R5=3.9%  R6=2.2%  R7=2.4%  R8=1.5%  R9=1.1%  R10=0.7%  AI=2.7%
  action mix (vs pair_all_in):  F=22.5%  C=34.8%  R0=3.1%  R1=1.8%  R2=6.3%  R3=6.0%  R4=6.0%  R5=6.2%  R6=3.1%  R7=3.0%  R8=3.0%  R9=2.3%  R10=1.7%  AI=0.3%

update=850  step=41828352  pg=-0.0151  vf=2.6389  H=1.0261  kl=0.0044  clip=0.2009  ev=0.4537  lr=0.000279
[update 850]  rollout=768.8ms  update=467.7ms  pool=16/20
update=860  step=42319872  pg=-0.0153  vf=2.4219  H=1.0346  kl=0.0046  clip=0.2096  ev=0.4241  lr=0.000279
[update 860]  rollout=783.4ms  update=469.9ms  pool=16/20
update=870  step=42811392  pg=-0.0159  vf=2.7496  H=1.0199  kl=0.0039  clip=0.1845  ev=0.4210  lr=0.000279
[update 870]  rollout=774.0ms  update=471.2ms  pool=16/20
update=880  step=43302912  pg=-0.0156  vf=2.9134  H=1.0265  kl=0.0042  clip=0.1936  ev=0.4288  lr=0.000278
[update 880]  rollout=779.8ms  update=467.1ms  pool=16/20
update=890  step=43794432  pg=-0.0154  vf=2.5003  H=1.0283  kl=0.0044  clip=0.2039  ev=0.4345  lr=0.000278
[update 890]  rollout=813.7ms  update=466.9ms  pool=16/20

[league eval @ update 899  duration=13946.9ms]
──────────────────────────────────────────────────────────────────
  vs anchor          hands     bb/hand     win%     mode-collapse?
──────────────────────────────────────────────────────────────────
  uniform            10000       5.816     30.2%    top=29.8%
  random_init        10000       5.600     30.2%    top=30.0%
  always_raise       10000       2.769     20.4%    top=33.9%
  always_call        10000       1.139     44.0%    top=43.9%
  pair_all_in        10000       0.386     81.3%    top=33.9%
──────────────────────────────────────────────────────────────────
  action mix (vs uniform):  F=29.8%  C=29.6%  R0=7.7%  R1=4.2%  R2=4.6%  R3=4.9%  R4=4.6%  R5=4.3%  R6=2.8%  R7=2.0%  R8=1.1%  R9=0.8%  R10=1.1%  AI=2.3%
  action mix (vs pair_all_in):  F=22.3%  C=33.9%  R0=3.1%  R1=2.5%  R2=6.5%  R3=5.9%  R4=6.0%  R5=7.0%  R6=4.3%  R7=2.2%  R8=2.1%  R9=1.8%  R10=2.1%  AI=0.3%

update=900  step=44285952  pg=-0.0152  vf=2.4283  H=1.0232  kl=0.0045  clip=0.2032  ev=0.4109  lr=0.000278
[update 900]  rollout=794.5ms  update=493.1ms  pool=17/20
update=910  step=44777472  pg=-0.0152  vf=2.5320  H=1.0300  kl=0.0044  clip=0.2064  ev=0.4144  lr=0.000278
[update 910]  rollout=809.4ms  update=478.0ms  pool=17/20
update=920  step=45268992  pg=-0.0156  vf=2.2670  H=1.0297  kl=0.0042  clip=0.1904  ev=0.4406  lr=0.000277
[update 920]  rollout=771.1ms  update=470.4ms  pool=17/20
update=930  step=45760512  pg=-0.0155  vf=2.5219  H=1.0328  kl=0.0042  clip=0.1973  ev=0.4296  lr=0.000277
[update 930]  rollout=795.1ms  update=476.0ms  pool=17/20
update=940  step=46252032  pg=-0.0165  vf=2.9562  H=1.0233  kl=0.0045  clip=0.2046  ev=0.4319  lr=0.000277
[update 940]  rollout=838.2ms  update=489.3ms  pool=17/20

[league eval @ update 949  duration=14379ms]
──────────────────────────────────────────────────────────────────
  vs anchor          hands     bb/hand     win%     mode-collapse?
──────────────────────────────────────────────────────────────────
  random_init        10000       7.382     32.7%    top=30.9%
  uniform            10000       6.346     31.1%    top=30.6%
  always_raise       10000       3.237     21.1%    top=34.8%
  always_call        10000       1.480     43.0%    top=43.7%
  pair_all_in        10000       0.144     80.9%    top=31.7%
──────────────────────────────────────────────────────────────────
  action mix (vs uniform):  F=29.4%  C=30.6%  R0=6.5%  R1=4.0%  R2=4.2%  R3=4.1%  R4=4.5%  R5=4.4%  R6=3.4%  R7=2.4%  R8=1.7%  R9=1.0%  R10=1.1%  AI=2.8%
  action mix (vs pair_all_in):  F=22.9%  C=31.7%  R0=2.2%  R1=1.8%  R2=5.1%  R3=5.9%  R4=6.4%  R5=7.6%  R6=5.5%  R7=3.6%  R8=3.0%  R9=1.9%  R10=2.2%  AI=0.3%

update=950  step=46743552  pg=-0.0160  vf=2.4760  H=1.0323  kl=0.0041  clip=0.1906  ev=0.4446  lr=0.000277
[update 950]  rollout=832.8ms  update=522.4ms  pool=18/20
update=960  step=47235072  pg=-0.0155  vf=2.3560  H=1.0364  kl=0.0043  clip=0.2014  ev=0.4511  lr=0.000276
[update 960]  rollout=795.7ms  update=463.9ms  pool=18/20
update=970  step=47726592  pg=-0.0166  vf=2.6813  H=1.0277  kl=0.0043  clip=0.1989  ev=0.4415  lr=0.000276
[update 970]  rollout=789.1ms  update=487.1ms  pool=18/20
update=980  step=48218112  pg=-0.0157  vf=2.3214  H=1.0316  kl=0.0045  clip=0.2051  ev=0.4593  lr=0.000276
[update 980]  rollout=801.9ms  update=472.5ms  pool=18/20
update=990  step=48709632  pg=-0.0158  vf=2.2501  H=1.0339  kl=0.0043  clip=0.1958  ev=0.4519  lr=0.000276
[update 990]  rollout=906.3ms  update=538.4ms  pool=18/20

[league eval @ update 999  duration=14064.5ms]
──────────────────────────────────────────────────────────────────
  vs anchor          hands     bb/hand     win%     mode-collapse?
──────────────────────────────────────────────────────────────────
  uniform            10000       6.562     33.0%    top=32.4%
  random_init        10000       5.893     32.9%    top=31.4%
  always_raise       10000       2.799     20.3%    top=34.4%
  always_call        10000       1.955     44.3%    top=44.8%
  pair_all_in        10000       0.006     80.8%    top=35.2%
──────────────────────────────────────────────────────────────────
  action mix (vs uniform):  F=27.4%  C=32.4%  R0=6.8%  R1=3.9%  R2=5.6%  R3=4.4%  R4=4.0%  R5=4.2%  R6=3.1%  R7=2.0%  R8=1.9%  R9=0.8%  R10=1.3%  AI=2.3%
  action mix (vs pair_all_in):  F=21.3%  C=35.2%  R0=2.8%  R1=2.1%  R2=6.8%  R3=5.8%  R4=4.3%  R5=6.0%  R6=4.5%  R7=3.3%  R8=3.1%  R9=1.6%  R10=2.9%  AI=0.3%

update=1000  step=49201152  pg=-0.0160  vf=2.4909  H=1.0255  kl=0.0043  clip=0.1962  ev=0.4220  lr=0.000275
[update 1000]  rollout=819.1ms  update=459.3ms  pool=19/20
update=1010  step=49692672  pg=-0.0153  vf=2.3755  H=1.0285  kl=0.0038  clip=0.1810  ev=0.4674  lr=0.000275
[update 1010]  rollout=767.1ms  update=455.2ms  pool=19/20
update=1020  step=50184192  pg=-0.0162  vf=2.3324  H=1.0298  kl=0.0045  clip=0.2030  ev=0.4537  lr=0.000275
[update 1020]  rollout=775.0ms  update=462.4ms  pool=19/20
update=1030  step=50675712  pg=-0.0156  vf=2.2474  H=1.0289  kl=0.0045  clip=0.2018  ev=0.4472  lr=0.000275
[update 1030]  rollout=783.7ms  update=453.6ms  pool=19/20
update=1040  step=51167232  pg=-0.0159  vf=2.5440  H=1.0371  kl=0.0038  clip=0.1790  ev=0.4457  lr=0.000274
[update 1040]  rollout=791.7ms  update=451.6ms  pool=19/20

[league eval @ update 1049  duration=14655.1ms]
──────────────────────────────────────────────────────────────────
  vs anchor          hands     bb/hand     win%     mode-collapse?
──────────────────────────────────────────────────────────────────
  uniform            10000       6.696     33.2%    top=30.4%
  random_init        10000       6.498     33.1%    top=30.5%
  always_raise       10000       2.870     22.4%    top=33.9%
  always_call        10000       1.710     43.6%    top=44.9%
  pair_all_in        10000       0.087     81.1%    top=35.1%
──────────────────────────────────────────────────────────────────
  action mix (vs uniform):  F=27.5%  C=30.4%  R0=7.4%  R1=5.0%  R2=5.6%  R3=3.7%  R4=3.8%  R5=3.6%  R6=4.0%  R7=2.4%  R8=1.8%  R9=1.2%  R10=1.2%  AI=2.5%
  action mix (vs pair_all_in):  F=21.4%  C=35.1%  R0=2.4%  R1=3.0%  R2=6.7%  R3=4.2%  R4=4.7%  R5=5.5%  R6=5.7%  R7=3.7%  R8=3.1%  R9=2.0%  R10=2.3%  AI=0.3%

update=1050  step=51658752  pg=-0.0158  vf=2.5005  H=1.0239  kl=0.0041  clip=0.1894  ev=0.4488  lr=0.000274
[update 1050]  rollout=777.9ms  update=451.7ms  pool=20/20
update=1060  step=52150272  pg=-0.0158  vf=2.5015  H=1.0281  kl=0.0041  clip=0.1919  ev=0.4610  lr=0.000274
[update 1060]  rollout=785.3ms  update=455.8ms  pool=20/20
update=1070  step=52641792  pg=-0.0159  vf=2.4667  H=1.0276  kl=0.0041  clip=0.1939  ev=0.4622  lr=0.000274
[update 1070]  rollout=793.8ms  update=452.4ms  pool=20/20
update=1080  step=53133312  pg=-0.0163  vf=2.4474  H=1.0376  kl=0.0041  clip=0.1867  ev=0.4413  lr=0.000273
[update 1080]  rollout=787.7ms  update=439.5ms  pool=20/20
update=1090  step=53624832  pg=-0.0162  vf=2.2586  H=1.0319  kl=0.0042  clip=0.1841  ev=0.4600  lr=0.000273
[update 1090]  rollout=816.1ms  update=456.1ms  pool=20/20

[league eval @ update 1099  duration=13805.3ms]
──────────────────────────────────────────────────────────────────
  vs anchor          hands     bb/hand     win%     mode-collapse?
──────────────────────────────────────────────────────────────────
  uniform            10000       6.540     32.5%    top=30.8%
  random_init        10000       6.381     32.3%    top=30.6%
  always_raise       10000       3.046     21.2%    top=33.5%
  always_call        10000       1.901     44.1%    top=42.9%
  pair_all_in        10000       0.033     80.9%    top=34.2%
──────────────────────────────────────────────────────────────────
  action mix (vs uniform):  F=28.1%  C=30.8%  R0=7.6%  R1=5.2%  R2=4.4%  R3=3.8%  R4=3.5%  R5=3.5%  R6=4.0%  R7=2.1%  R8=2.0%  R9=1.1%  R10=1.0%  AI=2.9%
  action mix (vs pair_all_in):  F=21.6%  C=34.2%  R0=2.3%  R1=2.7%  R2=5.2%  R3=4.1%  R4=4.4%  R5=5.7%  R6=6.2%  R7=4.3%  R8=4.5%  R9=2.2%  R10=2.3%  AI=0.2%

update=1100  step=54116352  pg=-0.0168  vf=2.3535  H=1.0277  kl=0.0045  clip=0.1985  ev=0.4558  lr=0.000273
[update 1100]  rollout=796.9ms  update=472.3ms  pool=20/20
update=1110  step=54607872  pg=-0.0161  vf=2.4828  H=1.0230  kl=0.0046  clip=0.2042  ev=0.4537  lr=0.000273
[update 1110]  rollout=786.3ms  update=465.2ms  pool=20/20
update=1120  step=55099392  pg=-0.0159  vf=2.5213  H=1.0247  kl=0.0042  clip=0.1891  ev=0.4467  lr=0.000272
[update 1120]  rollout=787.9ms  update=460.5ms  pool=20/20
update=1130  step=55590912  pg=-0.0162  vf=2.5213  H=1.0167  kl=0.0040  clip=0.1902  ev=0.4412  lr=0.000272
[update 1130]  rollout=860.5ms  update=466.4ms  pool=20/20
update=1140  step=56082432  pg=-0.0160  vf=2.3815  H=1.0228  kl=0.0043  clip=0.1959  ev=0.4599  lr=0.000272
[update 1140]  rollout=812.9ms  update=461.2ms  pool=20/20

[league eval @ update 1149  duration=14682.4ms]
──────────────────────────────────────────────────────────────────
  vs anchor          hands     bb/hand     win%     mode-collapse?
──────────────────────────────────────────────────────────────────
  uniform            10000       6.856     33.8%    top=30.7%
  random_init        10000       6.503     33.1%    top=30.6%
  always_raise       10000       1.966     21.7%    top=34.4%
  always_call        10000       1.750     43.7%    top=41.9%
  pair_all_in        10000       0.046     80.9%    top=33.0%
──────────────────────────────────────────────────────────────────
  action mix (vs uniform):  F=26.9%  C=30.7%  R0=8.1%  R1=4.2%  R2=4.2%  R3=4.7%  R4=4.0%  R5=3.7%  R6=3.3%  R7=2.4%  R8=2.5%  R9=1.1%  R10=1.4%  AI=2.8%
  action mix (vs pair_all_in):  F=22.2%  C=33.0%  R0=2.4%  R1=1.9%  R2=5.4%  R3=5.4%  R4=5.2%  R5=5.7%  R6=4.9%  R7=3.8%  R8=4.8%  R9=2.0%  R10=2.9%  AI=0.3%

update=1150  step=56573952  pg=-0.0168  vf=2.8300  H=1.0205  kl=0.0044  clip=0.1983  ev=0.4065  lr=0.000272
[update 1150]  rollout=790.1ms  update=475.2ms  pool=20/20
update=1160  step=57065472  pg=-0.0159  vf=2.4778  H=1.0229  kl=0.0042  clip=0.1918  ev=0.4498  lr=0.000271
[update 1160]  rollout=792.1ms  update=471.7ms  pool=20/20
update=1170  step=57556992  pg=-0.0162  vf=2.4788  H=1.0187  kl=0.0045  clip=0.2056  ev=0.4519  lr=0.000271
[update 1170]  rollout=796.4ms  update=464.3ms  pool=20/20
update=1180  step=58048512  pg=-0.0165  vf=2.8228  H=1.0194  kl=0.0040  clip=0.1906  ev=0.4451  lr=0.000271
[update 1180]  rollout=792.6ms  update=466.6ms  pool=20/20
update=1190  step=58540032  pg=-0.0166  vf=2.5203  H=1.0253  kl=0.0042  clip=0.1902  ev=0.4547  lr=0.000271
[update 1190]  rollout=818.5ms  update=463.2ms  pool=20/20

[league eval @ update 1199  duration=13833.2ms]
──────────────────────────────────────────────────────────────────
  vs anchor          hands     bb/hand     win%     mode-collapse?
──────────────────────────────────────────────────────────────────
  random_init        10000       6.260     32.1%    top=30.8%
  uniform            10000       6.250     31.6%    top=31.4%
  always_raise       10000       3.091     20.5%    top=34.6%
  always_call        10000       1.547     44.0%    top=43.1%
  pair_all_in        10000       0.128     80.9%    top=34.6%
──────────────────────────────────────────────────────────────────
  action mix (vs uniform):  F=28.6%  C=31.4%  R0=6.4%  R1=3.9%  R2=4.9%  R3=4.4%  R4=4.3%  R5=3.7%  R6=3.2%  R7=2.8%  R8=2.0%  R9=1.0%  R10=0.9%  AI=2.6%
  action mix (vs pair_all_in):  F=21.8%  C=34.6%  R0=2.1%  R1=2.3%  R2=6.5%  R3=4.5%  R4=5.7%  R5=5.7%  R6=4.6%  R7=4.6%  R8=3.4%  R9=2.2%  R10=1.8%  AI=0.2%

update=1200  step=59031552  pg=-0.0161  vf=2.3317  H=1.0282  kl=0.0044  clip=0.1902  ev=0.4540  lr=0.000271
[update 1200]  rollout=890.2ms  update=472.4ms  pool=20/20
update=1210  step=59523072  pg=-0.0165  vf=2.7012  H=1.0235  kl=0.0041  clip=0.1865  ev=0.4527  lr=0.000270
[update 1210]  rollout=813.4ms  update=473.8ms  pool=20/20
update=1220  step=60014592  pg=-0.0169  vf=2.3926  H=1.0285  kl=0.0044  clip=0.1952  ev=0.4638  lr=0.000270
[update 1220]  rollout=802.4ms  update=453.0ms  pool=20/20
update=1230  step=60506112  pg=-0.0166  vf=2.4871  H=1.0205  kl=0.0043  clip=0.1992  ev=0.4386  lr=0.000270
[update 1230]  rollout=884.3ms  update=539.2ms  pool=20/20
update=1240  step=60997632  pg=-0.0167  vf=2.3947  H=1.0227  kl=0.0046  clip=0.1997  ev=0.4325  lr=0.000270
[update 1240]  rollout=771.5ms  update=454.2ms  pool=20/20

[league eval @ update 1249  duration=13689.1ms]
──────────────────────────────────────────────────────────────────
  vs anchor          hands     bb/hand     win%     mode-collapse?
──────────────────────────────────────────────────────────────────
  random_init        10000       6.062     30.8%    top=30.9%
  uniform            10000       6.022     31.6%    top=30.9%
  always_raise       10000       3.490     20.8%    top=35.1%
  always_call        10000       1.574     44.1%    top=43.6%
  pair_all_in        10000       0.175     81.1%    top=34.8%
──────────────────────────────────────────────────────────────────
  action mix (vs uniform):  F=28.8%  C=30.9%  R0=5.6%  R1=4.1%  R2=5.1%  R3=4.1%  R4=4.4%  R5=3.6%  R6=3.4%  R7=2.8%  R8=1.6%  R9=1.6%  R10=0.9%  AI=2.9%
  action mix (vs pair_all_in):  F=21.7%  C=34.8%  R0=2.3%  R1=2.4%  R2=6.0%  R3=4.6%  R4=5.9%  R5=4.6%  R6=4.8%  R7=4.7%  R8=3.0%  R9=3.0%  R10=2.1%  AI=0.2%

update=1250  step=61489152  pg=-0.0161  vf=2.4506  H=1.0289  kl=0.0041  clip=0.1831  ev=0.4339  lr=0.000269
[update 1250]  rollout=786.1ms  update=463.4ms  pool=20/20
update=1260  step=61980672  pg=-0.0161  vf=2.3389  H=1.0335  kl=0.0048  clip=0.2038  ev=0.4645  lr=0.000269
[update 1260]  rollout=755.6ms  update=451.6ms  pool=20/20
update=1270  step=62472192  pg=-0.0163  vf=2.2080  H=1.0359  kl=0.0039  clip=0.1836  ev=0.4550  lr=0.000269
[update 1270]  rollout=759.4ms  update=464.5ms  pool=20/20
update=1280  step=62963712  pg=-0.0169  vf=2.8405  H=1.0247  kl=0.0040  clip=0.1859  ev=0.4583  lr=0.000269
[update 1280]  rollout=799.0ms  update=458.3ms  pool=20/20
update=1290  step=63455232  pg=-0.0171  vf=2.4162  H=1.0245  kl=0.0046  clip=0.2043  ev=0.4722  lr=0.000268
[update 1290]  rollout=793.5ms  update=446.5ms  pool=20/20

[league eval @ update 1299  duration=13545.2ms]
──────────────────────────────────────────────────────────────────
  vs anchor          hands     bb/hand     win%     mode-collapse?
──────────────────────────────────────────────────────────────────
  uniform            10000       7.501     33.4%    top=31.7%
  random_init        10000       6.395     32.7%    top=31.3%
  always_raise       10000       2.863     21.0%    top=35.5%
  always_call        10000       1.101     43.2%    top=43.9%
  pair_all_in        10000       0.156     80.8%    top=35.8%
──────────────────────────────────────────────────────────────────
  action mix (vs uniform):  F=27.7%  C=31.7%  R0=6.8%  R1=4.2%  R2=5.4%  R3=4.4%  R4=3.9%  R5=3.4%  R6=3.3%  R7=2.8%  R8=1.6%  R9=1.3%  R10=0.8%  AI=2.7%
  action mix (vs pair_all_in):  F=21.6%  C=35.8%  R0=2.9%  R1=2.1%  R2=7.0%  R3=5.2%  R4=4.8%  R5=4.3%  R6=4.2%  R7=4.4%  R8=3.0%  R9=2.7%  R10=1.8%  AI=0.2%

update=1300  step=63946752  pg=-0.0171  vf=2.4204  H=1.0276  kl=0.0042  clip=0.1892  ev=0.4630  lr=0.000268
[update 1300]  rollout=763.2ms  update=458.6ms  pool=20/20
update=1310  step=64438272  pg=-0.0165  vf=2.5937  H=1.0255  kl=0.0042  clip=0.1847  ev=0.4337  lr=0.000268
[update 1310]  rollout=825.2ms  update=453.6ms  pool=20/20
update=1320  step=64929792  pg=-0.0165  vf=2.6037  H=1.0208  kl=0.0041  clip=0.1879  ev=0.4283  lr=0.000268
[update 1320]  rollout=837.3ms  update=456.8ms  pool=20/20
update=1330  step=65421312  pg=-0.0169  vf=2.3917  H=1.0207  kl=0.0046  clip=0.1973  ev=0.4799  lr=0.000267
[update 1330]  rollout=722.5ms  update=428.7ms  pool=20/20
update=1340  step=65912832  pg=-0.0167  vf=2.3310  H=1.0300  kl=0.0046  clip=0.1981  ev=0.4501  lr=0.000267
[update 1340]  rollout=775.6ms  update=439.2ms  pool=20/20

[league eval @ update 1349  duration=13077ms]
──────────────────────────────────────────────────────────────────
  vs anchor          hands     bb/hand     win%     mode-collapse?
──────────────────────────────────────────────────────────────────
  random_init        10000       6.867     33.4%    top=29.9%
  uniform            10000       6.258     32.2%    top=30.0%
  always_raise       10000       2.190     20.7%    top=33.9%
  always_call        10000       1.663     44.3%    top=43.3%
  pair_all_in        10000       0.195     81.4%    top=33.3%
──────────────────────────────────────────────────────────────────
  action mix (vs uniform):  F=28.3%  C=30.0%  R0=7.2%  R1=3.9%  R2=5.2%  R3=5.1%  R4=3.6%  R5=3.9%  R6=3.3%  R7=3.2%  R8=1.8%  R9=1.1%  R10=0.7%  AI=2.6%
  action mix (vs pair_all_in):  F=21.9%  C=33.3%  R0=3.3%  R1=2.3%  R2=6.2%  R3=6.5%  R4=5.0%  R5=5.1%  R6=4.6%  R7=4.4%  R8=3.5%  R9=2.0%  R10=1.6%  AI=0.4%

update=1350  step=66404352  pg=-0.0175  vf=2.3807  H=1.0251  kl=0.0044  clip=0.2026  ev=0.4586  lr=0.000267
[update 1350]  rollout=747.4ms  update=454.2ms  pool=20/20
update=1360  step=66895872  pg=-0.0176  vf=2.4597  H=1.0225  kl=0.0045  clip=0.2020  ev=0.4587  lr=0.000267
[update 1360]  rollout=790.6ms  update=439.6ms  pool=20/20
update=1370  step=67387392  pg=-0.0171  vf=2.3725  H=1.0243  kl=0.0043  clip=0.1934  ev=0.4699  lr=0.000266
[update 1370]  rollout=794.3ms  update=468.0ms  pool=20/20
update=1380  step=67878912  pg=-0.0166  vf=2.5099  H=1.0155  kl=0.0042  clip=0.1917  ev=0.4482  lr=0.000266
[update 1380]  rollout=681.4ms  update=409.7ms  pool=20/20
update=1390  step=68370432  pg=-0.0171  vf=2.2669  H=1.0206  kl=0.0045  clip=0.1961  ev=0.4614  lr=0.000266
[update 1390]  rollout=652.6ms  update=402.8ms  pool=20/20

[league eval @ update 1399  duration=11905.1ms]
──────────────────────────────────────────────────────────────────
  vs anchor          hands     bb/hand     win%     mode-collapse?
──────────────────────────────────────────────────────────────────
  uniform            10000       6.284     31.5%    top=30.2%
  random_init        10000       6.084     31.0%    top=30.3%
  always_raise       10000       2.688     20.3%    top=32.8%
  always_call        10000       1.532     42.7%    top=42.9%
  pair_all_in        10000       0.073     79.9%    top=33.7%
──────────────────────────────────────────────────────────────────
  action mix (vs uniform):  F=30.2%  C=29.1%  R0=6.9%  R1=3.9%  R2=5.6%  R3=4.8%  R4=4.3%  R5=4.1%  R6=2.7%  R7=1.9%  R8=1.9%  R9=1.2%  R10=1.0%  AI=2.6%
  action mix (vs pair_all_in):  F=23.6%  C=33.7%  R0=3.4%  R1=2.8%  R2=6.2%  R3=6.2%  R4=4.8%  R5=4.7%  R6=3.6%  R7=2.7%  R8=3.8%  R9=2.2%  R10=2.0%  AI=0.3%

update=1400  step=68861952  pg=-0.0161  vf=2.1876  H=1.0294  kl=0.0046  clip=0.1951  ev=0.4512  lr=0.000266
[update 1400]  rollout=719.6ms  update=412.8ms  pool=20/20
update=1410  step=69353472  pg=-0.0167  vf=2.1191  H=1.0282  kl=0.0045  clip=0.2024  ev=0.4758  lr=0.000265
[update 1410]  rollout=674.2ms  update=405.6ms  pool=20/20
update=1420  step=69844992  pg=-0.0155  vf=2.2224  H=1.0319  kl=0.0045  clip=0.1993  ev=0.4510  lr=0.000265
[update 1420]  rollout=767.6ms  update=450.6ms  pool=20/20
update=1430  step=70336512  pg=-0.0170  vf=2.1323  H=1.0299  kl=0.0047  clip=0.2041  ev=0.4827  lr=0.000265
[update 1430]  rollout=733.3ms  update=412.4ms  pool=20/20
update=1440  step=70828032  pg=-0.0163  vf=2.1922  H=1.0219  kl=0.0043  clip=0.1878  ev=0.4581  lr=0.000265
[update 1440]  rollout=689.2ms  update=424.9ms  pool=20/20

[league eval @ update 1449  duration=14317.4ms]
──────────────────────────────────────────────────────────────────
  vs anchor          hands     bb/hand     win%     mode-collapse?
──────────────────────────────────────────────────────────────────
  uniform            10000       6.181     31.9%    top=29.9%
  random_init        10000       5.842     31.7%    top=29.4%
  always_raise       10000       3.469     22.0%    top=34.5%
  always_call        10000       1.679     43.5%    top=45.1%
  pair_all_in        10000       0.217     81.2%    top=35.0%
──────────────────────────────────────────────────────────────────
  action mix (vs uniform):  F=28.9%  C=29.9%  R0=6.4%  R1=4.0%  R2=5.5%  R3=4.8%  R4=4.5%  R5=3.7%  R6=3.2%  R7=1.8%  R8=1.9%  R9=1.5%  R10=1.1%  AI=2.9%
  action mix (vs pair_all_in):  F=21.5%  C=35.0%  R0=3.2%  R1=2.4%  R2=6.2%  R3=6.6%  R4=4.6%  R5=4.2%  R6=4.7%  R7=2.9%  R8=3.3%  R9=3.2%  R10=1.9%  AI=0.2%

update=1450  step=71319552  pg=-0.0168  vf=2.2537  H=1.0205  kl=0.0044  clip=0.1908  ev=0.4665  lr=0.000264
[update 1450]  rollout=677.4ms  update=425.9ms  pool=20/20
update=1460  step=71811072  pg=-0.0170  vf=2.3374  H=1.0195  kl=0.0044  clip=0.1908  ev=0.4685  lr=0.000264
[update 1460]  rollout=806.9ms  update=477.8ms  pool=20/20
update=1470  step=72302592  pg=-0.0163  vf=2.2604  H=1.0271  kl=0.0043  clip=0.1921  ev=0.4588  lr=0.000264
[update 1470]  rollout=698.7ms  update=417.9ms  pool=20/20
update=1480  step=72794112  pg=-0.0173  vf=2.1989  H=1.0241  kl=0.0045  clip=0.1957  ev=0.4559  lr=0.000264
[update 1480]  rollout=686.3ms  update=420.0ms  pool=20/20
update=1490  step=73285632  pg=-0.0173  vf=2.5519  H=1.0253  kl=0.0041  clip=0.1850  ev=0.4683  lr=0.000263
[update 1490]  rollout=676.7ms  update=414.8ms  pool=20/20

[league eval @ update 1499  duration=12818.8ms]
──────────────────────────────────────────────────────────────────
  vs anchor          hands     bb/hand     win%     mode-collapse?
──────────────────────────────────────────────────────────────────
  uniform            10000       6.828     33.2%    top=29.5%
  random_init        10000       6.120     31.4%    top=30.4%
  always_raise       10000       2.466     20.3%    top=32.2%
  always_call        10000       1.529     42.9%    top=44.1%
  pair_all_in        10000       0.052     79.5%    top=32.5%
──────────────────────────────────────────────────────────────────
  action mix (vs uniform):  F=29.5%  C=28.5%  R0=6.6%  R1=3.7%  R2=5.2%  R3=5.1%  R4=3.9%  R5=3.6%  R6=4.0%  R7=2.4%  R8=2.1%  R9=1.4%  R10=1.2%  AI=3.0%
  action mix (vs pair_all_in):  F=24.1%  C=32.5%  R0=2.3%  R1=2.3%  R2=5.2%  R3=6.8%  R4=4.8%  R5=4.1%  R6=5.6%  R7=3.3%  R8=3.7%  R9=2.7%  R10=2.4%  AI=0.2%

[best-response eval @ update 1499  seeds=1  bb/hand max=-0.384  mean=-0.384  min=-0.384  std=0.000  best-win%=58.4  duration=1237849ms]

update=1500  step=73777152  pg=-0.0165  vf=2.1654  H=1.0246  kl=0.0042  clip=0.1881  ev=0.4783  lr=0.000263
[update 1500]  rollout=846.1ms  update=483.9ms  pool=20/20
update=1510  step=74268672  pg=-0.0165  vf=2.2844  H=1.0269  kl=0.0042  clip=0.1852  ev=0.4577  lr=0.000263
[update 1510]  rollout=802.4ms  update=488.7ms  pool=20/20
update=1520  step=74760192  pg=-0.0168  vf=1.9535  H=1.0333  kl=0.0049  clip=0.2021  ev=0.4625  lr=0.000263
[update 1520]  rollout=795.8ms  update=485.0ms  pool=20/20
update=1530  step=75251712  pg=-0.0172  vf=2.1414  H=1.0283  kl=0.0042  clip=0.1876  ev=0.4829  lr=0.000262
[update 1530]  rollout=787.2ms  update=474.8ms  pool=20/20
update=1540  step=75743232  pg=-0.0169  vf=2.3635  H=1.0226  kl=0.0045  clip=0.1949  ev=0.4562  lr=0.000262
[update 1540]  rollout=770.4ms  update=479.4ms  pool=20/20

[league eval @ update 1549  duration=13222.6ms]
──────────────────────────────────────────────────────────────────
  vs anchor          hands     bb/hand     win%     mode-collapse?
──────────────────────────────────────────────────────────────────
  random_init        10000       6.642     33.0%    top=29.3%
  uniform            10000       6.301     30.8%    top=29.9%
  always_raise       10000       1.906     19.8%    top=33.2%
  always_call        10000       1.680     43.2%    top=42.6%
  pair_all_in        10000       0.100     80.0%    top=31.6%
──────────────────────────────────────────────────────────────────
  action mix (vs uniform):  F=29.9%  C=29.2%  R0=6.7%  R1=4.3%  R2=4.5%  R3=4.1%  R4=4.6%  R5=3.7%  R6=3.0%  R7=2.4%  R8=2.3%  R9=1.5%  R10=1.0%  AI=2.7%
  action mix (vs pair_all_in):  F=23.8%  C=31.6%  R0=2.3%  R1=2.1%  R2=5.1%  R3=5.5%  R4=5.8%  R5=5.8%  R6=4.9%  R7=3.7%  R8=4.1%  R9=2.9%  R10=2.2%  AI=0.3%

update=1550  step=76234752  pg=-0.0171  vf=2.1028  H=1.0282  kl=0.0045  clip=0.1960  ev=0.4749  lr=0.000262
[update 1550]  rollout=801.8ms  update=509.1ms  pool=20/20
update=1560  step=76726272  pg=-0.0171  vf=2.1923  H=1.0205  kl=0.0048  clip=0.2022  ev=0.4824  lr=0.000262
[update 1560]  rollout=837.9ms  update=480.9ms  pool=20/20
update=1570  step=77217792  pg=-0.0171  vf=2.1465  H=1.0231  kl=0.0046  clip=0.1997  ev=0.4707  lr=0.000261
[update 1570]  rollout=782.4ms  update=468.9ms  pool=20/20
update=1580  step=77709312  pg=-0.0166  vf=2.2686  H=1.0263  kl=0.0045  clip=0.1911  ev=0.4433  lr=0.000261
[update 1580]  rollout=809.4ms  update=484.3ms  pool=20/20
update=1590  step=78200832  pg=-0.0167  vf=2.5921  H=1.0219  kl=0.0044  clip=0.1832  ev=0.4541  lr=0.000261
[update 1590]  rollout=870.3ms  update=486.2ms  pool=20/20

[league eval @ update 1599  duration=13336.5ms]
──────────────────────────────────────────────────────────────────
  vs anchor          hands     bb/hand     win%     mode-collapse?
──────────────────────────────────────────────────────────────────
  random_init        10000       7.179     33.5%    top=31.4%
  uniform            10000       7.080     32.8%    top=31.6%
  always_raise       10000       2.839     21.2%    top=34.0%
  always_call        10000       1.736     43.8%    top=43.2%
  pair_all_in        10000       0.090     80.5%    top=34.1%
──────────────────────────────────────────────────────────────────
  action mix (vs uniform):  F=27.6%  C=31.6%  R0=6.7%  R1=4.2%  R2=4.7%  R3=3.7%  R4=4.3%  R5=3.6%  R6=3.0%  R7=3.1%  R8=2.0%  R9=2.0%  R10=0.9%  AI=2.6%
  action mix (vs pair_all_in):  F=22.5%  C=34.1%  R0=1.9%  R1=1.9%  R2=5.6%  R3=4.8%  R4=6.1%  R5=4.9%  R6=4.5%  R7=4.7%  R8=3.5%  R9=3.3%  R10=2.0%  AI=0.2%

update=1600  step=78692352  pg=-0.0173  vf=2.2837  H=1.0280  kl=0.0047  clip=0.2022  ev=0.4917  lr=0.000261
[update 1600]  rollout=775.5ms  update=490.0ms  pool=20/20
update=1610  step=79183872  pg=-0.0169  vf=2.2463  H=1.0268  kl=0.0044  clip=0.1890  ev=0.4691  lr=0.000260
[update 1610]  rollout=768.2ms  update=482.8ms  pool=20/20
update=1620  step=79675392  pg=-0.0169  vf=2.3275  H=1.0225  kl=0.0043  clip=0.1893  ev=0.4863  lr=0.000260
[update 1620]  rollout=789.6ms  update=502.5ms  pool=20/20
update=1630  step=80166912  pg=-0.0158  vf=2.1607  H=1.0232  kl=0.0038  clip=0.1699  ev=0.4575  lr=0.000260
[update 1630]  rollout=792.8ms  update=479.4ms  pool=20/20
update=1640  step=80658432  pg=-0.0163  vf=2.0842  H=1.0312  kl=0.0045  clip=0.1949  ev=0.4671  lr=0.000260
[update 1640]  rollout=794.3ms  update=472.3ms  pool=20/20

[league eval @ update 1649  duration=13543.1ms]
──────────────────────────────────────────────────────────────────
  vs anchor          hands     bb/hand     win%     mode-collapse?
──────────────────────────────────────────────────────────────────
  random_init        10000       6.888     33.2%    top=32.5%
  uniform            10000       6.648     33.1%    top=31.9%
  always_raise       10000       1.822     19.9%    top=35.4%
  always_call        10000       1.295     42.6%    top=45.7%
  pair_all_in        10000       0.093     80.4%    top=35.5%
──────────────────────────────────────────────────────────────────
  action mix (vs uniform):  F=27.8%  C=31.9%  R0=6.5%  R1=4.3%  R2=5.2%  R3=4.2%  R4=3.9%  R5=3.6%  R6=3.1%  R7=3.3%  R8=1.6%  R9=1.2%  R10=0.9%  AI=2.6%
  action mix (vs pair_all_in):  F=22.0%  C=35.5%  R0=2.3%  R1=2.2%  R2=6.3%  R3=5.4%  R4=5.0%  R5=5.0%  R6=4.7%  R7=4.3%  R8=2.7%  R9=2.3%  R10=2.0%  AI=0.2%

update=1650  step=81149952  pg=-0.0165  vf=2.4015  H=1.0216  kl=0.0043  clip=0.1860  ev=0.4530  lr=0.000259
[update 1650]  rollout=806.7ms  update=495.1ms  pool=20/20
update=1660  step=81641472  pg=-0.0175  vf=1.8904  H=1.0294  kl=0.0045  clip=0.1940  ev=0.5093  lr=0.000259
[update 1660]  rollout=830.8ms  update=491.3ms  pool=20/20
update=1670  step=82132992  pg=-0.0171  vf=2.0714  H=1.0323  kl=0.0046  clip=0.1925  ev=0.4676  lr=0.000259
[update 1670]  rollout=830.2ms  update=478.0ms  pool=20/20
update=1680  step=82624512  pg=-0.0173  vf=2.2229  H=1.0220  kl=0.0045  clip=0.1956  ev=0.5118  lr=0.000259
[update 1680]  rollout=795.5ms  update=484.8ms  pool=20/20
update=1690  step=83116032  pg=-0.0168  vf=2.4598  H=1.0215  kl=0.0044  clip=0.1877  ev=0.4596  lr=0.000258
[update 1690]  rollout=868.5ms  update=487.6ms  pool=20/20

[league eval @ update 1699  duration=13748.1ms]
──────────────────────────────────────────────────────────────────
  vs anchor          hands     bb/hand     win%     mode-collapse?
──────────────────────────────────────────────────────────────────
  uniform            10000       6.552     32.5%    top=30.1%
  random_init        10000       6.425     32.2%    top=29.9%
  always_raise       10000       2.290     19.8%    top=32.7%
  always_call        10000       1.496     43.1%    top=43.4%
  pair_all_in        10000      -0.049     79.6%    top=33.2%
──────────────────────────────────────────────────────────────────
  action mix (vs uniform):  F=29.2%  C=30.1%  R0=6.1%  R1=4.1%  R2=5.3%  R3=4.8%  R4=5.0%  R5=3.6%  R6=3.3%  R7=2.3%  R8=1.3%  R9=1.2%  R10=0.8%  AI=2.7%
  action mix (vs pair_all_in):  F=23.5%  C=33.2%  R0=2.8%  R1=1.7%  R2=6.7%  R3=6.3%  R4=6.8%  R5=4.4%  R6=4.9%  R7=3.2%  R8=2.0%  R9=2.8%  R10=1.5%  AI=0.2%

update=1700  step=83607552  pg=-0.0171  vf=2.1468  H=1.0224  kl=0.0044  clip=0.1871  ev=0.4827  lr=0.000258
[update 1700]  rollout=794.5ms  update=487.6ms  pool=20/20
update=1710  step=84099072  pg=-0.0174  vf=2.4339  H=1.0201  kl=0.0042  clip=0.1900  ev=0.4652  lr=0.000258
[update 1710]  rollout=804.1ms  update=480.1ms  pool=20/20
update=1720  step=84590592  pg=-0.0164  vf=2.4629  H=1.0188  kl=0.0039  clip=0.1783  ev=0.4638  lr=0.000258
[update 1720]  rollout=662.7ms  update=365.3ms  pool=20/20
update=1730  step=85082112  pg=-0.0167  vf=2.2641  H=1.0261  kl=0.0049  clip=0.2082  ev=0.4667  lr=0.000257
[update 1730]  rollout=619.9ms  update=364.8ms  pool=20/20
update=1740  step=85573632  pg=-0.0171  vf=2.3051  H=1.0259  kl=0.0045  clip=0.1926  ev=0.4903  lr=0.000257
[update 1740]  rollout=636.3ms  update=370.9ms  pool=20/20

[league eval @ update 1749  duration=11274.4ms]
──────────────────────────────────────────────────────────────────
  vs anchor          hands     bb/hand     win%     mode-collapse?
──────────────────────────────────────────────────────────────────
  random_init        10000       6.407     31.8%    top=29.4%
  uniform            10000       6.136     31.2%    top=29.5%
  always_raise       10000       2.697     19.0%    top=32.6%
  always_call        10000       1.152     42.8%    top=44.0%
  pair_all_in        10000       0.201     80.9%    top=31.6%
──────────────────────────────────────────────────────────────────
  action mix (vs uniform):  F=29.5%  C=29.5%  R0=6.0%  R1=4.3%  R2=5.4%  R3=4.9%  R4=4.3%  R5=3.4%  R6=3.9%  R7=3.1%  R8=1.5%  R9=1.0%  R10=0.9%  AI=2.4%
  action mix (vs pair_all_in):  F=23.1%  C=31.6%  R0=2.0%  R1=2.0%  R2=6.3%  R3=6.3%  R4=7.2%  R5=4.6%  R6=5.2%  R7=4.8%  R8=2.7%  R9=2.2%  R10=1.6%  AI=0.2%

update=1750  step=86065152  pg=-0.0163  vf=2.1420  H=1.0290  kl=0.0039  clip=0.1738  ev=0.4872  lr=0.000257
[update 1750]  rollout=645.8ms  update=379.4ms  pool=20/20
update=1760  step=86556672  pg=-0.0171  vf=2.1834  H=1.0245  kl=0.0044  clip=0.1925  ev=0.4914  lr=0.000257
[update 1760]  rollout=645.7ms  update=369.2ms  pool=20/20
update=1770  step=87048192  pg=-0.0173  vf=2.1394  H=1.0261  kl=0.0051  clip=0.2094  ev=0.4661  lr=0.000257
[update 1770]  rollout=613.4ms  update=366.0ms  pool=20/20
update=1780  step=87539712  pg=-0.0172  vf=2.4652  H=1.0168  kl=0.0038  clip=0.1678  ev=0.4581  lr=0.000256
[update 1780]  rollout=636.6ms  update=366.8ms  pool=20/20
update=1790  step=88031232  pg=-0.0170  vf=2.2611  H=1.0224  kl=0.0047  clip=0.2028  ev=0.4582  lr=0.000256
[update 1790]  rollout=616.9ms  update=373.6ms  pool=20/20

[league eval @ update 1799  duration=10565.9ms]
──────────────────────────────────────────────────────────────────
  vs anchor          hands     bb/hand     win%     mode-collapse?
──────────────────────────────────────────────────────────────────
  uniform            10000       6.056     31.2%    top=29.8%
  random_init        10000       6.005     31.0%    top=30.1%
  always_raise       10000       2.529     20.6%    top=33.9%
  always_call        10000       1.483     43.2%    top=42.4%
  pair_all_in        10000       0.229     81.1%    top=31.7%
──────────────────────────────────────────────────────────────────
  action mix (vs uniform):  F=29.3%  C=29.8%  R0=6.1%  R1=4.5%  R2=4.8%  R3=5.2%  R4=4.5%  R5=3.2%  R6=3.2%  R7=3.2%  R8=1.7%  R9=1.2%  R10=1.1%  AI=2.2%
  action mix (vs pair_all_in):  F=22.9%  C=31.7%  R0=2.6%  R1=2.1%  R2=5.3%  R3=7.1%  R4=7.1%  R5=4.3%  R6=4.8%  R7=5.3%  R8=2.5%  R9=1.9%  R10=2.2%  AI=0.1%

update=1800  step=88522752  pg=-0.0177  vf=2.2629  H=1.0249  kl=0.0047  clip=0.1923  ev=0.4766  lr=0.000256
[update 1800]  rollout=629.4ms  update=379.9ms  pool=20/20
update=1810  step=89014272  pg=-0.0170  vf=2.3616  H=1.0230  kl=0.0046  clip=0.1993  ev=0.4742  lr=0.000256
[update 1810]  rollout=632.3ms  update=374.2ms  pool=20/20
update=1820  step=89505792  pg=-0.0162  vf=2.5811  H=1.0213  kl=0.0043  clip=0.1955  ev=0.4761  lr=0.000255
[update 1820]  rollout=592.7ms  update=365.3ms  pool=20/20
update=1830  step=89997312  pg=-0.0168  vf=2.2885  H=1.0242  kl=0.0043  clip=0.1823  ev=0.4844  lr=0.000255
[update 1830]  rollout=593.9ms  update=364.4ms  pool=20/20
update=1840  step=90488832  pg=-0.0170  vf=2.4739  H=1.0242  kl=0.0043  clip=0.1894  ev=0.4587  lr=0.000255
[update 1840]  rollout=595.7ms  update=364.6ms  pool=20/20

[league eval @ update 1849  duration=10524.1ms]
──────────────────────────────────────────────────────────────────
  vs anchor          hands     bb/hand     win%     mode-collapse?
──────────────────────────────────────────────────────────────────
  uniform            10000       6.718     32.2%    top=29.0%
  random_init        10000       6.300     32.1%    top=29.3%
  always_raise       10000       2.325     21.0%    top=32.5%
  always_call        10000       1.838     44.6%    top=42.9%
  pair_all_in        10000       0.254     80.9%    top=31.0%
──────────────────────────────────────────────────────────────────
  action mix (vs uniform):  F=29.0%  C=28.6%  R0=6.2%  R1=4.5%  R2=4.5%  R3=5.2%  R4=5.0%  R5=3.0%  R6=3.4%  R7=3.0%  R8=1.9%  R9=1.4%  R10=1.8%  AI=2.6%
  action mix (vs pair_all_in):  F=23.5%  C=31.0%  R0=2.0%  R1=2.5%  R2=5.0%  R3=7.2%  R4=6.9%  R5=4.4%  R6=4.7%  R7=4.6%  R8=3.1%  R9=2.4%  R10=2.3%  AI=0.3%

update=1850  step=90980352  pg=-0.0170  vf=2.4531  H=1.0248  kl=0.0043  clip=0.1846  ev=0.5024  lr=0.000255
[update 1850]  rollout=650.9ms  update=384.9ms  pool=20/20
update=1860  step=91471872  pg=-0.0167  vf=2.4389  H=1.0236  kl=0.0044  clip=0.1911  ev=0.4711  lr=0.000254
[update 1860]  rollout=729.6ms  update=375.5ms  pool=20/20
update=1870  step=91963392  pg=-0.0177  vf=2.3453  H=1.0194  kl=0.0043  clip=0.1870  ev=0.4885  lr=0.000254
[update 1870]  rollout=640.8ms  update=359.5ms  pool=20/20
update=1880  step=92454912  pg=-0.0175  vf=2.2875  H=1.0148  kl=0.0041  clip=0.1782  ev=0.4983  lr=0.000254
[update 1880]  rollout=555.0ms  update=342.6ms  pool=20/20
update=1890  step=92946432  pg=-0.0172  vf=2.2389  H=1.0240  kl=0.0045  clip=0.1897  ev=0.4597  lr=0.000254
[update 1890]  rollout=579.6ms  update=340.6ms  pool=20/20

[league eval @ update 1899  duration=10537.2ms]
──────────────────────────────────────────────────────────────────
  vs anchor          hands     bb/hand     win%     mode-collapse?
──────────────────────────────────────────────────────────────────
  random_init        10000       6.464     32.2%    top=30.7%
  uniform            10000       6.284     32.2%    top=30.6%
  always_raise       10000       3.070     20.7%    top=34.3%
  always_call        10000       1.666     43.0%    top=41.6%
  pair_all_in        10000       0.081     80.5%    top=33.7%
──────────────────────────────────────────────────────────────────
  action mix (vs uniform):  F=28.4%  C=30.6%  R0=6.4%  R1=4.7%  R2=5.2%  R3=5.3%  R4=4.6%  R5=3.5%  R6=2.5%  R7=3.3%  R8=1.2%  R9=1.3%  R10=0.9%  AI=2.2%
  action mix (vs pair_all_in):  F=22.6%  C=33.7%  R0=2.1%  R1=2.7%  R2=6.9%  R3=6.8%  R4=6.7%  R5=4.4%  R6=3.1%  R7=4.7%  R8=2.4%  R9=2.0%  R10=1.8%  AI=0.2%

update=1900  step=93437952  pg=-0.0169  vf=2.3275  H=1.0248  kl=0.0043  clip=0.1818  ev=0.4615  lr=0.000253
[update 1900]  rollout=628.8ms  update=361.5ms  pool=20/20
update=1910  step=93929472  pg=-0.0170  vf=2.3584  H=1.0227  kl=0.0044  clip=0.1980  ev=0.4666  lr=0.000253
[update 1910]  rollout=739.8ms  update=381.4ms  pool=20/20
